Arguments: 
  /usr/bin/node /usr/bin/yarn install --ignore-engines

PATH: 
  /usr/local/bundle/bin:/usr/local/sbin:/usr/local/bin:/usr/sbin:/usr/bin:/sbin:/bin

Yarn version: 
  1.22.18

Node version: 
  18.20.8

Platform: 
  linux x64

Trace: 
  Error: ENOENT: no such file or directory, lstat '/code/node_modules/@babel/code-frame/package.json'

npm manifest: 
  {
    "name": "decidim-development-app",
    "private": true,
    "dependencies": {
      "@decidim/browserslist-config": "^0.30.9",
      "@decidim/core": "^0.30.9",
      "@decidim/webpacker": "^0.30.9"
    },
    "version": "0.1.0",
    "devDependencies": {
      "@decidim/dev": "^0.30.9",
      "@decidim/eslint-config": "^0.30.9",
      "@decidim/prettier-config": "^0.30.9",
      "@decidim/stylelint-config": "^0.30.9"
    },
    "browserslist": [
      "extends @decidim/browserslist-config"
    ]
  }

yarn manifest: 
  No manifest

Lockfile: 
  No lockfile
